// Jest Snapshot v1, https://goo.gl/fbAQLP

exports[`snapshot 1`] = `
<nav
  aria-label="Page navigation"
  data-testid="pagination"
  id="pagination"
>
  <ul
    className="inline-flex space-x-1 sm:space-x-4 md:space-x-4 px-auto text-center"
  >
    <li>
      <button
        className="flex items-center justify-center w-10 h-10 text-indigo-600 transition-colors duration-150 rounded-full focus:shadow-outline hover:bg-indigo-100 dark:hover:bg-indigo-300 disabled:opacity-60 disabled:bg-transparent"
        disabled={true}
        id="first"
        name="first"
        onClick={[Function]}
      >
        <svg
          fill="currentColor"
          height="1em"
          stroke="currentColor"
          strokeWidth="0"
          style={
            Object {
              "color": undefined,
            }
          }
          viewBox="0 0 20 20"
          width="1em"
          xmlns="http://www.w3.org/2000/svg"
        >
          <path
            clipRule="evenodd"
            d="M15.707 15.707a1 1 0 01-1.414 0l-5-5a1 1 0 010-1.414l5-5a1 1 0 111.414 1.414L11.414 10l4.293 4.293a1 1 0 010 1.414zm-6 0a1 1 0 01-1.414 0l-5-5a1 1 0 010-1.414l5-5a1 1 0 011.414 1.414L5.414 10l4.293 4.293a1 1 0 010 1.414z"
            fillRule="evenodd"
          />
        </svg>
      </button>
    </li>
    <li>
      <button
        className="flex items-center justify-center w-10 h-10 text-indigo-600 transition-colors duration-150 rounded-full focus:shadow-outline hover:bg-indigo-100 dark:hover:bg-indigo-300 disabled:opacity-60 disabled:bg-transparent"
        disabled={true}
        id="prev"
        name="prev"
        onClick={[Function]}
      >
        <svg
          fill="currentColor"
          height="1em"
          stroke="currentColor"
          strokeWidth="0"
          style={
            Object {
              "color": undefined,
            }
          }
          viewBox="0 0 512 512"
          width="1em"
          xmlns="http://www.w3.org/2000/svg"
        >
          <path
            d="M217.9 256L345 129c9.4-9.4 9.4-24.6 0-33.9-9.4-9.4-24.6-9.3-34 0L167 239c-9.1 9.1-9.3 23.7-.7 33.1L310.9 417c4.7 4.7 10.9 7 17 7s12.3-2.3 17-7c9.4-9.4 9.4-24.6 0-33.9L217.9 256z"
          />
        </svg>
      </button>
    </li>
    <li>
      <button
        className="active w-10 h-10 bg-white dark:bg-dark text-indigo-600 transition-colors duration-100 rounded-full focus:shadow-outline hover:bg-indigo-100 dark:hover:bg-indigo-300"
        id={1}
        onClick={[Function]}
      >
        1
      </button>
    </li>
    <li>
      <button
        className="flex items-center justify-center w-10 h-10 text-indigo-600 transition-colors duration-150 rounded-full focus:shadow-outline hover:bg-indigo-100 dark:hover:bg-indigo-300 disabled:opacity-60 disabled:bg-transparent"
        disabled={true}
        id="next"
        name="next"
        onClick={[Function]}
      >
        <svg
          fill="currentColor"
          height="1em"
          stroke="currentColor"
          strokeWidth="0"
          style={
            Object {
              "color": undefined,
            }
          }
          viewBox="0 0 512 512"
          width="1em"
          xmlns="http://www.w3.org/2000/svg"
        >
          <path
            d="M294.1 256L167 129c-9.4-9.4-9.4-24.6 0-33.9s24.6-9.3 34 0L345 239c9.1 9.1 9.3 23.7.7 33.1L201.1 417c-4.7 4.7-10.9 7-17 7s-12.3-2.3-17-7c-9.4-9.4-9.4-24.6 0-33.9l127-127.1z"
          />
        </svg>
      </button>
    </li>
    <li>
      <button
        className="flex items-center justify-center w-10 h-10 text-indigo-600 transition-colors duration-150 rounded-full focus:shadow-outline hover:bg-indigo-100 dark:hover:bg-indigo-300 disabled:opacity-60 disabled:bg-transparent"
        disabled={true}
        id="last"
        name="last"
        onClick={[Function]}
      >
        <svg
          fill="currentColor"
          height="1em"
          stroke="currentColor"
          strokeWidth="0"
          style={
            Object {
              "color": undefined,
            }
          }
          viewBox="0 0 20 20"
          width="1em"
          xmlns="http://www.w3.org/2000/svg"
        >
          <path
            clipRule="evenodd"
            d="M10.293 15.707a1 1 0 010-1.414L14.586 10l-4.293-4.293a1 1 0 111.414-1.414l5 5a1 1 0 010 1.414l-5 5a1 1 0 01-1.414 0z"
            fillRule="evenodd"
          />
          <path
            clipRule="evenodd"
            d="M4.293 15.707a1 1 0 010-1.414L8.586 10 4.293 5.707a1 1 0 011.414-1.414l5 5a1 1 0 010 1.414l-5 5a1 1 0 01-1.414 0z"
            fillRule="evenodd"
          />
        </svg>
      </button>
    </li>
  </ul>
</nav>
`;
